
> @workspace/api-server@1.0.0 typecheck
> tsc -p tsconfig.json --noEmit

src/middlewares/auth.ts(25,14): error TS2769: No overload matches this call.
  Overload 1 of 5, '(payload: string | object | Buffer<ArrayBufferLike>, secretOrPrivateKey: null, options?: (SignOptions & { algorithm: "none"; }) | undefined): string', gave the following error.
    Argument of type 'string' is not assignable to parameter of type 'null'.
  Overload 2 of 5, '(payload: string | object | Buffer<ArrayBufferLike>, secretOrPrivateKey: Buffer<ArrayBufferLike> | Secret | PrivateKeyInput | JsonWebKeyInput, options?: SignOptions | undefined): string', gave the following error.
    Type 'string' is not assignable to type 'number | StringValue | undefined'.
  Overload 3 of 5, '(payload: string | object | Buffer<ArrayBufferLike>, secretOrPrivateKey: Buffer<ArrayBufferLike> | Secret | PrivateKeyInput | JsonWebKeyInput, callback: SignCallback): void', gave the following error.
    Object literal may only specify known properties, and 'expiresIn' does not exist in type 'SignCallback'.
src/routes/clients.ts(16,50): error TS2740: Type 'Omit<PgSelectBase<"sites", { clientId: PgColumn<{ name: "client_id"; tableName: "sites"; dataType: "number"; columnType: "PgInteger"; data: number; driverParam: string | number; notNull: true; hasDefault: false; ... 6 more ...; generated: undefined; }, {}, {}>; cnt: SQL<...>; }, ... 5 more ..., { ...; }>, "where">' is missing the following properties from type 'PgSelectBase<"sites", { clientId: PgColumn<{ name: "client_id"; tableName: "sites"; dataType: "number"; columnType: "PgInteger"; data: number; driverParam: string | number; notNull: true; hasDefault: false; ... 6 more ...; generated: undefined; }, {}, {}>; cnt: SQL<...>; }, ... 5 more ..., { ...; }>': config, joinsNotNullableMap, tableName, isPartialSelect, and 6 more.
src/routes/clients.ts(88,50): error TS2740: Type 'Omit<PgSelectBase<"clients", { id: PgColumn<{ name: "id"; tableName: "clients"; dataType: "number"; columnType: "PgSerial"; data: number; driverParam: number; notNull: true; hasDefault: true; isPrimaryKey: true; isAutoincrement: false; ... 4 more ...; generated: undefined; }, {}, {}>; name: PgColumn<...>; }, ... 5 m...' is missing the following properties from type 'PgSelectBase<"clients", { id: PgColumn<{ name: "id"; tableName: "clients"; dataType: "number"; columnType: "PgSerial"; data: number; driverParam: number; notNull: true; hasDefault: true; isPrimaryKey: true; isAutoincrement: false; ... 4 more ...; generated: undefined; }, {}, {}>; name: PgColumn<...>; }, ... 5 more ....': config, joinsNotNullableMap, tableName, isPartialSelect, and 6 more.
src/routes/finance.ts(36,50): error TS2740: Type 'Omit<PgSelectBase<"guards", { id: PgColumn<{ name: "id"; tableName: "guards"; dataType: "number"; columnType: "PgSerial"; data: number; driverParam: number; notNull: true; hasDefault: true; isPrimaryKey: true; isAutoincrement: false; ... 4 more ...; generated: undefined; }, {}, {}>; userId: PgColumn<...>; }, ... 5 m...' is missing the following properties from type 'PgSelectBase<"guards", { id: PgColumn<{ name: "id"; tableName: "guards"; dataType: "number"; columnType: "PgSerial"; data: number; driverParam: number; notNull: true; hasDefault: true; isPrimaryKey: true; isAutoincrement: false; ... 4 more ...; generated: undefined; }, {}, {}>; userId: PgColumn<...>; }, ... 5 more ....': config, joinsNotNullableMap, tableName, isPartialSelect, and 6 more.
src/routes/finance.ts(96,50): error TS2740: Type 'Omit<PgSelectBase<"clients", { id: PgColumn<{ name: "id"; tableName: "clients"; dataType: "number"; columnType: "PgSerial"; data: number; driverParam: number; notNull: true; hasDefault: true; isPrimaryKey: true; isAutoincrement: false; ... 4 more ...; generated: undefined; }, {}, {}>; name: PgColumn<...>; }, ... 5 m...' is missing the following properties from type 'PgSelectBase<"clients", { id: PgColumn<{ name: "id"; tableName: "clients"; dataType: "number"; columnType: "PgSerial"; data: number; driverParam: number; notNull: true; hasDefault: true; isPrimaryKey: true; isAutoincrement: false; ... 4 more ...; generated: undefined; }, {}, {}>; name: PgColumn<...>; }, ... 5 more ....': config, joinsNotNullableMap, tableName, isPartialSelect, and 6 more.
src/routes/finance.ts(151,50): error TS2740: Type 'Omit<PgSelectBase<"users", { id: PgColumn<{ name: "id"; tableName: "users"; dataType: "number"; columnType: "PgSerial"; data: number; driverParam: number; notNull: true; hasDefault: true; isPrimaryKey: true; isAutoincrement: false; ... 4 more ...; generated: undefined; }, {}, {}>; name: PgColumn<...>; }, ... 5 more ...' is missing the following properties from type 'PgSelectBase<"users", { id: PgColumn<{ name: "id"; tableName: "users"; dataType: "number"; columnType: "PgSerial"; data: number; driverParam: number; notNull: true; hasDefault: true; isPrimaryKey: true; isAutoincrement: false; ... 4 more ...; generated: undefined; }, {}, {}>; name: PgColumn<...>; }, ... 5 more ..., ...': config, joinsNotNullableMap, tableName, isPartialSelect, and 6 more.
src/routes/guards.ts(31,50): error TS2740: Type 'Omit<PgSelectBase<"users", { id: PgColumn<{ name: "id"; tableName: "users"; dataType: "number"; columnType: "PgSerial"; data: number; driverParam: number; notNull: true; hasDefault: true; isPrimaryKey: true; isAutoincrement: false; ... 4 more ...; generated: undefined; }, {}, {}>; ... 9 more ...; updatedAt: PgColumn...' is missing the following properties from type 'PgSelectBase<"users", { id: PgColumn<{ name: "id"; tableName: "users"; dataType: "number"; columnType: "PgSerial"; data: number; driverParam: number; notNull: true; hasDefault: true; isPrimaryKey: true; isAutoincrement: false; ... 4 more ...; generated: undefined; }, {}, {}>; ... 9 more ...; updatedAt: PgColumn<...>...': config, joinsNotNullableMap, tableName, isPartialSelect, and 6 more.
src/routes/guards.ts(34,50): error TS2740: Type 'Omit<PgSelectBase<"sites", { id: PgColumn<{ name: "id"; tableName: "sites"; dataType: "number"; columnType: "PgSerial"; data: number; driverParam: number; notNull: true; hasDefault: true; isPrimaryKey: true; isAutoincrement: false; ... 4 more ...; generated: undefined; }, {}, {}>; ... 9 more ...; updatedAt: PgColumn...' is missing the following properties from type 'PgSelectBase<"sites", { id: PgColumn<{ name: "id"; tableName: "sites"; dataType: "number"; columnType: "PgSerial"; data: number; driverParam: number; notNull: true; hasDefault: true; isPrimaryKey: true; isAutoincrement: false; ... 4 more ...; generated: undefined; }, {}, {}>; ... 9 more ...; updatedAt: PgColumn<...>...': config, joinsNotNullableMap, tableName, isPartialSelect, and 6 more.
src/routes/guards.ts(61,50): error TS2740: Type 'Omit<PgSelectBase<"sites", { id: PgColumn<{ name: "id"; tableName: "sites"; dataType: "number"; columnType: "PgSerial"; data: number; driverParam: number; notNull: true; hasDefault: true; isPrimaryKey: true; isAutoincrement: false; ... 4 more ...; generated: undefined; }, {}, {}>; ... 9 more ...; updatedAt: PgColumn...' is missing the following properties from type 'PgSelectBase<"sites", { id: PgColumn<{ name: "id"; tableName: "sites"; dataType: "number"; columnType: "PgSerial"; data: number; driverParam: number; notNull: true; hasDefault: true; isPrimaryKey: true; isAutoincrement: false; ... 4 more ...; generated: undefined; }, {}, {}>; ... 9 more ...; updatedAt: PgColumn<...>...': config, joinsNotNullableMap, tableName, isPartialSelect, and 6 more.
src/routes/guards.ts(67,16): error TS2552: Cannot find name 'req'. Did you mean '_req'?
src/routes/guards.ts(67,60): error TS2552: Cannot find name 'req'. Did you mean '_req'?
src/routes/guards.ts(84,50): error TS2740: Type 'Omit<PgSelectBase<"users", { id: PgColumn<{ name: "id"; tableName: "users"; dataType: "number"; columnType: "PgSerial"; data: number; driverParam: number; notNull: true; hasDefault: true; isPrimaryKey: true; isAutoincrement: false; ... 4 more ...; generated: undefined; }, {}, {}>; ... 9 more ...; updatedAt: PgColumn...' is missing the following properties from type 'PgSelectBase<"users", { id: PgColumn<{ name: "id"; tableName: "users"; dataType: "number"; columnType: "PgSerial"; data: number; driverParam: number; notNull: true; hasDefault: true; isPrimaryKey: true; isAutoincrement: false; ... 4 more ...; generated: undefined; }, {}, {}>; ... 9 more ...; updatedAt: PgColumn<...>...': config, joinsNotNullableMap, tableName, isPartialSelect, and 6 more.
src/routes/guards.ts(87,50): error TS2740: Type 'Omit<PgSelectBase<"sites", { id: PgColumn<{ name: "id"; tableName: "sites"; dataType: "number"; columnType: "PgSerial"; data: number; driverParam: number; notNull: true; hasDefault: true; isPrimaryKey: true; isAutoincrement: false; ... 4 more ...; generated: undefined; }, {}, {}>; ... 9 more ...; updatedAt: PgColumn...' is missing the following properties from type 'PgSelectBase<"sites", { id: PgColumn<{ name: "id"; tableName: "sites"; dataType: "number"; columnType: "PgSerial"; data: number; driverParam: number; notNull: true; hasDefault: true; isPrimaryKey: true; isAutoincrement: false; ... 4 more ...; generated: undefined; }, {}, {}>; ... 9 more ...; updatedAt: PgColumn<...>...': config, joinsNotNullableMap, tableName, isPartialSelect, and 6 more.
src/routes/guards.ts(112,50): error TS2740: Type 'Omit<PgSelectBase<"users", { id: PgColumn<{ name: "id"; tableName: "users"; dataType: "number"; columnType: "PgSerial"; data: number; driverParam: number; notNull: true; hasDefault: true; isPrimaryKey: true; isAutoincrement: false; ... 4 more ...; generated: undefined; }, {}, {}>; ... 9 more ...; updatedAt: PgColumn...' is missing the following properties from type 'PgSelectBase<"users", { id: PgColumn<{ name: "id"; tableName: "users"; dataType: "number"; columnType: "PgSerial"; data: number; driverParam: number; notNull: true; hasDefault: true; isPrimaryKey: true; isAutoincrement: false; ... 4 more ...; generated: undefined; }, {}, {}>; ... 9 more ...; updatedAt: PgColumn<...>...': config, joinsNotNullableMap, tableName, isPartialSelect, and 6 more.
src/routes/guards.ts(115,50): error TS2740: Type 'Omit<PgSelectBase<"sites", { id: PgColumn<{ name: "id"; tableName: "sites"; dataType: "number"; columnType: "PgSerial"; data: number; driverParam: number; notNull: true; hasDefault: true; isPrimaryKey: true; isAutoincrement: false; ... 4 more ...; generated: undefined; }, {}, {}>; ... 9 more ...; updatedAt: PgColumn...' is missing the following properties from type 'PgSelectBase<"sites", { id: PgColumn<{ name: "id"; tableName: "sites"; dataType: "number"; columnType: "PgSerial"; data: number; driverParam: number; notNull: true; hasDefault: true; isPrimaryKey: true; isAutoincrement: false; ... 4 more ...; generated: undefined; }, {}, {}>; ... 9 more ...; updatedAt: PgColumn<...>...': config, joinsNotNullableMap, tableName, isPartialSelect, and 6 more.
src/routes/hr.ts(25,50): error TS2740: Type 'Omit<PgSelectBase<"guards", { id: PgColumn<{ name: "id"; tableName: "guards"; dataType: "number"; columnType: "PgSerial"; data: number; driverParam: number; notNull: true; hasDefault: true; isPrimaryKey: true; isAutoincrement: false; ... 4 more ...; generated: undefined; }, {}, {}>; userId: PgColumn<...>; }, ... 5 m...' is missing the following properties from type 'PgSelectBase<"guards", { id: PgColumn<{ name: "id"; tableName: "guards"; dataType: "number"; columnType: "PgSerial"; data: number; driverParam: number; notNull: true; hasDefault: true; isPrimaryKey: true; isAutoincrement: false; ... 4 more ...; generated: undefined; }, {}, {}>; userId: PgColumn<...>; }, ... 5 more ....': config, joinsNotNullableMap, tableName, isPartialSelect, and 6 more.
src/routes/hr.ts(28,50): error TS2740: Type 'Omit<PgSelectBase<"users", { id: PgColumn<{ name: "id"; tableName: "users"; dataType: "number"; columnType: "PgSerial"; data: number; driverParam: number; notNull: true; hasDefault: true; isPrimaryKey: true; isAutoincrement: false; ... 4 more ...; generated: undefined; }, {}, {}>; name: PgColumn<...>; }, ... 5 more ...' is missing the following properties from type 'PgSelectBase<"users", { id: PgColumn<{ name: "id"; tableName: "users"; dataType: "number"; columnType: "PgSerial"; data: number; driverParam: number; notNull: true; hasDefault: true; isPrimaryKey: true; isAutoincrement: false; ... 4 more ...; generated: undefined; }, {}, {}>; name: PgColumn<...>; }, ... 5 more ..., ...': config, joinsNotNullableMap, tableName, isPartialSelect, and 6 more.
src/routes/operations.ts(28,50): error TS2740: Type 'Omit<PgSelectBase<"guards", { id: PgColumn<{ name: "id"; tableName: "guards"; dataType: "number"; columnType: "PgSerial"; data: number; driverParam: number; notNull: true; hasDefault: true; isPrimaryKey: true; isAutoincrement: false; ... 4 more ...; generated: undefined; }, {}, {}>; userId: PgColumn<...>; }, ... 5 m...' is missing the following properties from type 'PgSelectBase<"guards", { id: PgColumn<{ name: "id"; tableName: "guards"; dataType: "number"; columnType: "PgSerial"; data: number; driverParam: number; notNull: true; hasDefault: true; isPrimaryKey: true; isAutoincrement: false; ... 4 more ...; generated: undefined; }, {}, {}>; userId: PgColumn<...>; }, ... 5 more ....': config, joinsNotNullableMap, tableName, isPartialSelect, and 6 more.
src/routes/operations.ts(31,50): error TS2740: Type 'Omit<PgSelectBase<"users", { id: PgColumn<{ name: "id"; tableName: "users"; dataType: "number"; columnType: "PgSerial"; data: number; driverParam: number; notNull: true; hasDefault: true; isPrimaryKey: true; isAutoincrement: false; ... 4 more ...; generated: undefined; }, {}, {}>; name: PgColumn<...>; }, ... 5 more ...' is missing the following properties from type 'PgSelectBase<"users", { id: PgColumn<{ name: "id"; tableName: "users"; dataType: "number"; columnType: "PgSerial"; data: number; driverParam: number; notNull: true; hasDefault: true; isPrimaryKey: true; isAutoincrement: false; ... 4 more ...; generated: undefined; }, {}, {}>; name: PgColumn<...>; }, ... 5 more ..., ...': config, joinsNotNullableMap, tableName, isPartialSelect, and 6 more.
src/routes/operations.ts(34,50): error TS2740: Type 'Omit<PgSelectBase<"sites", { id: PgColumn<{ name: "id"; tableName: "sites"; dataType: "number"; columnType: "PgSerial"; data: number; driverParam: number; notNull: true; hasDefault: true; isPrimaryKey: true; isAutoincrement: false; ... 4 more ...; generated: undefined; }, {}, {}>; name: PgColumn<...>; }, ... 5 more ...' is missing the following properties from type 'PgSelectBase<"sites", { id: PgColumn<{ name: "id"; tableName: "sites"; dataType: "number"; columnType: "PgSerial"; data: number; driverParam: number; notNull: true; hasDefault: true; isPrimaryKey: true; isAutoincrement: false; ... 4 more ...; generated: undefined; }, {}, {}>; name: PgColumn<...>; }, ... 5 more ..., ...': config, joinsNotNullableMap, tableName, isPartialSelect, and 6 more.
src/routes/operations.ts(107,50): error TS2740: Type 'Omit<PgSelectBase<"guards", { id: PgColumn<{ name: "id"; tableName: "guards"; dataType: "number"; columnType: "PgSerial"; data: number; driverParam: number; notNull: true; hasDefault: true; isPrimaryKey: true; isAutoincrement: false; ... 4 more ...; generated: undefined; }, {}, {}>; userId: PgColumn<...>; }, ... 5 m...' is missing the following properties from type 'PgSelectBase<"guards", { id: PgColumn<{ name: "id"; tableName: "guards"; dataType: "number"; columnType: "PgSerial"; data: number; driverParam: number; notNull: true; hasDefault: true; isPrimaryKey: true; isAutoincrement: false; ... 4 more ...; generated: undefined; }, {}, {}>; userId: PgColumn<...>; }, ... 5 more ....': config, joinsNotNullableMap, tableName, isPartialSelect, and 6 more.
src/routes/operations.ts(110,50): error TS2740: Type 'Omit<PgSelectBase<"users", { id: PgColumn<{ name: "id"; tableName: "users"; dataType: "number"; columnType: "PgSerial"; data: number; driverParam: number; notNull: true; hasDefault: true; isPrimaryKey: true; isAutoincrement: false; ... 4 more ...; generated: undefined; }, {}, {}>; name: PgColumn<...>; }, ... 5 more ...' is missing the following properties from type 'PgSelectBase<"users", { id: PgColumn<{ name: "id"; tableName: "users"; dataType: "number"; columnType: "PgSerial"; data: number; driverParam: number; notNull: true; hasDefault: true; isPrimaryKey: true; isAutoincrement: false; ... 4 more ...; generated: undefined; }, {}, {}>; name: PgColumn<...>; }, ... 5 more ..., ...': config, joinsNotNullableMap, tableName, isPartialSelect, and 6 more.
src/routes/operations.ts(163,50): error TS2740: Type 'Omit<PgSelectBase<"guards", { id: PgColumn<{ name: "id"; tableName: "guards"; dataType: "number"; columnType: "PgSerial"; data: number; driverParam: number; notNull: true; hasDefault: true; isPrimaryKey: true; isAutoincrement: false; ... 4 more ...; generated: undefined; }, {}, {}>; userId: PgColumn<...>; }, ... 5 m...' is missing the following properties from type 'PgSelectBase<"guards", { id: PgColumn<{ name: "id"; tableName: "guards"; dataType: "number"; columnType: "PgSerial"; data: number; driverParam: number; notNull: true; hasDefault: true; isPrimaryKey: true; isAutoincrement: false; ... 4 more ...; generated: undefined; }, {}, {}>; userId: PgColumn<...>; }, ... 5 more ....': config, joinsNotNullableMap, tableName, isPartialSelect, and 6 more.
src/routes/operations.ts(166,50): error TS2740: Type 'Omit<PgSelectBase<"users", { id: PgColumn<{ name: "id"; tableName: "users"; dataType: "number"; columnType: "PgSerial"; data: number; driverParam: number; notNull: true; hasDefault: true; isPrimaryKey: true; isAutoincrement: false; ... 4 more ...; generated: undefined; }, {}, {}>; name: PgColumn<...>; }, ... 5 more ...' is missing the following properties from type 'PgSelectBase<"users", { id: PgColumn<{ name: "id"; tableName: "users"; dataType: "number"; columnType: "PgSerial"; data: number; driverParam: number; notNull: true; hasDefault: true; isPrimaryKey: true; isAutoincrement: false; ... 4 more ...; generated: undefined; }, {}, {}>; name: PgColumn<...>; }, ... 5 more ..., ...': config, joinsNotNullableMap, tableName, isPartialSelect, and 6 more.
src/routes/operations.ts(169,50): error TS2740: Type 'Omit<PgSelectBase<"sites", { id: PgColumn<{ name: "id"; tableName: "sites"; dataType: "number"; columnType: "PgSerial"; data: number; driverParam: number; notNull: true; hasDefault: true; isPrimaryKey: true; isAutoincrement: false; ... 4 more ...; generated: undefined; }, {}, {}>; name: PgColumn<...>; }, ... 5 more ...' is missing the following properties from type 'PgSelectBase<"sites", { id: PgColumn<{ name: "id"; tableName: "sites"; dataType: "number"; columnType: "PgSerial"; data: number; driverParam: number; notNull: true; hasDefault: true; isPrimaryKey: true; isAutoincrement: false; ... 4 more ...; generated: undefined; }, {}, {}>; name: PgColumn<...>; }, ... 5 more ..., ...': config, joinsNotNullableMap, tableName, isPartialSelect, and 6 more.
src/routes/operations.ts(220,50): error TS2740: Type 'Omit<PgSelectBase<"sites", { id: PgColumn<{ name: "id"; tableName: "sites"; dataType: "number"; columnType: "PgSerial"; data: number; driverParam: number; notNull: true; hasDefault: true; isPrimaryKey: true; isAutoincrement: false; ... 4 more ...; generated: undefined; }, {}, {}>; name: PgColumn<...>; }, ... 5 more ...' is missing the following properties from type 'PgSelectBase<"sites", { id: PgColumn<{ name: "id"; tableName: "sites"; dataType: "number"; columnType: "PgSerial"; data: number; driverParam: number; notNull: true; hasDefault: true; isPrimaryKey: true; isAutoincrement: false; ... 4 more ...; generated: undefined; }, {}, {}>; name: PgColumn<...>; }, ... 5 more ..., ...': config, joinsNotNullableMap, tableName, isPartialSelect, and 6 more.
src/routes/operations.ts(292,50): error TS2740: Type 'Omit<PgSelectBase<"guards", { id: PgColumn<{ name: "id"; tableName: "guards"; dataType: "number"; columnType: "PgSerial"; data: number; driverParam: number; notNull: true; hasDefault: true; isPrimaryKey: true; isAutoincrement: false; ... 4 more ...; generated: undefined; }, {}, {}>; userId: PgColumn<...>; }, ... 5 m...' is missing the following properties from type 'PgSelectBase<"guards", { id: PgColumn<{ name: "id"; tableName: "guards"; dataType: "number"; columnType: "PgSerial"; data: number; driverParam: number; notNull: true; hasDefault: true; isPrimaryKey: true; isAutoincrement: false; ... 4 more ...; generated: undefined; }, {}, {}>; userId: PgColumn<...>; }, ... 5 more ....': config, joinsNotNullableMap, tableName, isPartialSelect, and 6 more.
src/routes/operations.ts(295,50): error TS2740: Type 'Omit<PgSelectBase<"users", { id: PgColumn<{ name: "id"; tableName: "users"; dataType: "number"; columnType: "PgSerial"; data: number; driverParam: number; notNull: true; hasDefault: true; isPrimaryKey: true; isAutoincrement: false; ... 4 more ...; generated: undefined; }, {}, {}>; name: PgColumn<...>; }, ... 5 more ...' is missing the following properties from type 'PgSelectBase<"users", { id: PgColumn<{ name: "id"; tableName: "users"; dataType: "number"; columnType: "PgSerial"; data: number; driverParam: number; notNull: true; hasDefault: true; isPrimaryKey: true; isAutoincrement: false; ... 4 more ...; generated: undefined; }, {}, {}>; name: PgColumn<...>; }, ... 5 more ..., ...': config, joinsNotNullableMap, tableName, isPartialSelect, and 6 more.
src/routes/operations.ts(298,50): error TS2740: Type 'Omit<PgSelectBase<"sites", { id: PgColumn<{ name: "id"; tableName: "sites"; dataType: "number"; columnType: "PgSerial"; data: number; driverParam: number; notNull: true; hasDefault: true; isPrimaryKey: true; isAutoincrement: false; ... 4 more ...; generated: undefined; }, {}, {}>; name: PgColumn<...>; }, ... 5 more ...' is missing the following properties from type 'PgSelectBase<"sites", { id: PgColumn<{ name: "id"; tableName: "sites"; dataType: "number"; columnType: "PgSerial"; data: number; driverParam: number; notNull: true; hasDefault: true; isPrimaryKey: true; isAutoincrement: false; ... 4 more ...; generated: undefined; }, {}, {}>; name: PgColumn<...>; }, ... 5 more ..., ...': config, joinsNotNullableMap, tableName, isPartialSelect, and 6 more.
src/routes/operations.ts(353,50): error TS2740: Type 'Omit<PgSelectBase<"guards", { id: PgColumn<{ name: "id"; tableName: "guards"; dataType: "number"; columnType: "PgSerial"; data: number; driverParam: number; notNull: true; hasDefault: true; isPrimaryKey: true; isAutoincrement: false; ... 4 more ...; generated: undefined; }, {}, {}>; userId: PgColumn<...>; }, ... 5 m...' is missing the following properties from type 'PgSelectBase<"guards", { id: PgColumn<{ name: "id"; tableName: "guards"; dataType: "number"; columnType: "PgSerial"; data: number; driverParam: number; notNull: true; hasDefault: true; isPrimaryKey: true; isAutoincrement: false; ... 4 more ...; generated: undefined; }, {}, {}>; userId: PgColumn<...>; }, ... 5 more ....': config, joinsNotNullableMap, tableName, isPartialSelect, and 6 more.
src/routes/operations.ts(356,50): error TS2740: Type 'Omit<PgSelectBase<"users", { id: PgColumn<{ name: "id"; tableName: "users"; dataType: "number"; columnType: "PgSerial"; data: number; driverParam: number; notNull: true; hasDefault: true; isPrimaryKey: true; isAutoincrement: false; ... 4 more ...; generated: undefined; }, {}, {}>; name: PgColumn<...>; }, ... 5 more ...' is missing the following properties from type 'PgSelectBase<"users", { id: PgColumn<{ name: "id"; tableName: "users"; dataType: "number"; columnType: "PgSerial"; data: number; driverParam: number; notNull: true; hasDefault: true; isPrimaryKey: true; isAutoincrement: false; ... 4 more ...; generated: undefined; }, {}, {}>; name: PgColumn<...>; }, ... 5 more ..., ...': config, joinsNotNullableMap, tableName, isPartialSelect, and 6 more.
src/routes/operations.ts(359,50): error TS2740: Type 'Omit<PgSelectBase<"sites", { id: PgColumn<{ name: "id"; tableName: "sites"; dataType: "number"; columnType: "PgSerial"; data: number; driverParam: number; notNull: true; hasDefault: true; isPrimaryKey: true; isAutoincrement: false; ... 4 more ...; generated: undefined; }, {}, {}>; name: PgColumn<...>; }, ... 5 more ...' is missing the following properties from type 'PgSelectBase<"sites", { id: PgColumn<{ name: "id"; tableName: "sites"; dataType: "number"; columnType: "PgSerial"; data: number; driverParam: number; notNull: true; hasDefault: true; isPrimaryKey: true; isAutoincrement: false; ... 4 more ...; generated: undefined; }, {}, {}>; name: PgColumn<...>; }, ... 5 more ..., ...': config, joinsNotNullableMap, tableName, isPartialSelect, and 6 more.
npm error Lifecycle script `typecheck` failed with error:
npm error code 1
npm error path C:\Users\HP\Downloads\websites\Ayan Projects\Security-Guard-Research\Security-Guard-Research\artifacts\api-server
npm error workspace @workspace/api-server@1.0.0
npm error location C:\Users\HP\Downloads\websites\Ayan Projects\Security-Guard-Research\Security-Guard-Research\artifacts\api-server
npm error command failed
npm error command C:\WINDOWS\system32\cmd.exe /d /s /c tsc -p tsconfig.json --noEmit
